// Jest Snapshot v1, https://goo.gl/fbAQLP

exports[`Login box renders correctly 1`] = `
Array [
  <form
    className=""
    style={
      Object {
        "marginLeft": "1em",
        "marginRight": "1em",
      }
    }
  >
    <input
      className="AccountInputField"
      name="username"
      onChange={[Function]}
      placeholder="Username"
      type="text"
      value=""
    />
    <br />
    <input
      className="AccountInputField"
      id="password"
      name="password"
      onChange={[Function]}
      placeholder="Password"
      type="password"
      value=""
    />
    <br />
  </form>,
  <button
    className="GoButton btn btn-primary"
    disabled={false}
    onClick={[Function]}
    type="button"
  >
    Login
  </button>,
]
`;
